asfjkdsa
